#./src/main/resources/Entities.map
#Thu Apr 25 22:17:54 CEST 2019
problem6=462
application4=470
problem5=461
application3=469
problem4=460
personalDataHacker2Copy3=453
application2=468
message3=467
problem3=459
personalDataHacker2=447
personalDataHacker2Copy2=451
application1=472
message2=465
problem2=458
problem1=457
message1=428
configuration1=463
curriculaHacker2=446
personalDataHacker2Copy=449
educationalDataHacker1Copy=442
miscellaneousDataHacker1Copy=440
educationalDataHacker1=437
positionDataHacker1Copy=443
curriculaHacker2Copy=448
finderHacker2=433
finderHacker1=432
curricula1Hacker1Copy=439
personalData1Hacker1Copy=441
curricula1Hacker1=434
socialProfileHacker1=431
socialProfileCompany1=430
company2=429
company1=427
curricula2Hacker1=444
personalData1Hacker1=436
userAccount5=425
hacker2=466
userAccount4=424
hacker1=471
userAccount3=423
userAccount2=422
userAccount1=421
personalData2Hacker1=445
miscellaneousDataHacker1=435
admin1=464
positionDataHacker1=438
position3=456
socialProfileAdmin1=426
curriculaHacker2Copy3=452
position2=455
curriculaHacker2Copy2=450
position1=454
